<!DOCTYPE HTML PUBLIC "-//W3C//DTD HTML 4.01 Transitional//EN"
"http://www.w3.org/TR/REC-html401/loose.dtd">
<html>
<head>
<title>[ #470688 ] doesn't cleanup badly nested tags right</title>
</head>
<body>
<p><u>RIGHT TRIANGLES</u></p>
</body>
</html>
