<?xml version="1.0" encoding="us-ascii"?>
<!DOCTYPE html PUBLIC "-//W3C//DTD XHTML 1.0 Strict//EN"
    "http://www.w3.org/TR/xhtml1/DTD/xhtml1-strict.dtd">
<html xmlns="http://www.w3.org/1999/xhtml">
<head>
<title>[ 527118 ] Suppress duplicate attributes</title>
</head>
<body>
<div dir="ltr" style="MARGIN-RIGHT: 0px; margin-left: 2em">
<ul>
<li>blah blah blah</li>
<li>blah blah blah</li>
</ul>
</div>
</body>
</html>
